[2026-09-04 01:43:23] Command: /home/privet/UN1CA/out/tools/venv/bin/samloader -m SM-S901E -r XXV -i 350999641234561 download -v S901EXXS7CWI1/S901EOXM7CWH6/S901EXXS7CWH6/S901EXXS7CWI1 -O /home/privet/UN1CA/out/odin/SM-S901E_XXV
[2026-09-04 01:43:24] Device: SM-S901E
[2026-09-04 01:43:24] CSC: XXV
[2026-09-04 01:43:24] FW: S901EXXS7CWI1/S901EOXM7CWH6/S901EXXS7CWH6/S901EXXS7CWI1
[2026-09-04 01:43:24] Path: /home/privet/UN1CA/out/odin/SM-S901E_XXV/SM-S901E_2_20231113223740_mryei107sb_fac.zip.enc4
[2026-09-04 01:43:24] Downloading: SM-S901E_2_20231113223740_mryei107sb_fac.zip.enc4
[2026-09-04 01:44:29] Command: /home/privet/UN1CA/out/tools/venv/bin/samloader -m SM-S901E -r XXV -i 350999641234561 download -v S901EXXS7CWI1/S901EOXM7CWH6/S901EXXS7CWH6/S901EXXS7CWI1 -O /home/privet/UN1CA/out/odin/SM-S901E_XXV
[2026-09-04 01:44:30] Device: SM-S901E
[2026-09-04 01:44:30] CSC: XXV
[2026-09-04 01:44:30] FW: S901EXXS7CWI1/S901EOXM7CWH6/S901EXXS7CWH6/S901EXXS7CWI1
[2026-09-04 01:44:30] Path: /home/privet/UN1CA/out/odin/SM-S901E_XXV/SM-S901E_2_20231113223740_mryei107sb_fac.zip.enc4
[2026-09-04 01:44:30] Downloading: SM-S901E_2_20231113223740_mryei107sb_fac.zip.enc4
[2026-09-04 01:47:10] Download progress: 847.31 MB / 8472.51 MB
[2026-09-04 01:49:42] Download progress: 1694.56 MB / 8472.51 MB
[2026-09-04 01:52:17] Download progress: 2541.81 MB / 8472.51 MB
[2026-09-04 01:54:56] Download progress: 3389.06 MB / 8472.51 MB
[2026-09-04 01:57:25] Download progress: 4236.31 MB / 8472.51 MB
[2026-09-04 01:59:57] Download progress: 5083.56 MB / 8472.51 MB
[2026-09-04 02:02:23] Download progress: 5930.81 MB / 8472.51 MB
[2026-09-04 02:04:50] Download progress: 6778.06 MB / 8472.51 MB
[2026-09-04 02:07:24] Download progress: 7625.31 MB / 8472.51 MB
[2026-09-04 02:09:42] Download progress: 8472.51 MB / 8472.51 MB
[2026-09-04 02:09:42] Download completed.
[2026-09-04 02:11:14] Decryption completed.
[2026-09-04 03:36:24] Command: /home/privet/UN1CA/out/tools/venv/bin/samloader -m SM-S901E -r XXV -i 350999641234561 download -v S901EXXS7CWI1/S901EOXM7CWH6/S901EXXS7CWH6/S901EXXS7CWI1 -O /home/privet/UN1CA/out/odin/SM-S901E_XXV
[2026-09-04 03:36:35] Device: SM-S901E
[2026-09-04 03:36:35] CSC: XXV
[2026-09-04 03:36:35] FW: S901EXXS7CWI1/S901EOXM7CWH6/S901EXXS7CWH6/S901EXXS7CWI1
[2026-09-04 03:36:35] Path: /home/privet/UN1CA/out/odin/SM-S901E_XXV/SM-S901E_2_20231113223740_mryei107sb_fac.zip.enc4
[2026-09-04 03:36:35] Downloading: SM-S901E_2_20231113223740_mryei107sb_fac.zip.enc4
[2026-09-04 03:39:15] Download progress: 847.31 MB / 8472.51 MB
[2026-09-04 03:41:56] Download progress: 1694.56 MB / 8472.51 MB
[2026-09-04 03:52:57] Command: /home/privet/UN1CA/out/tools/venv/bin/samloader -m SM-S901E -r XXV -i 350999641234561 download -v S901EXXS7CWI1/S901EOXM7CWH6/S901EXXS7CWH6/S901EXXS7CWI1 -O /home/privet/UN1CA/out/odin/SM-S901E_XXV
[2026-09-04 03:53:07] Device: SM-S901E
[2026-09-04 03:53:07] CSC: XXV
[2026-09-04 03:53:07] FW: S901EXXS7CWI1/S901EOXM7CWH6/S901EXXS7CWH6/S901EXXS7CWI1
[2026-09-04 03:53:07] Path: /home/privet/UN1CA/out/odin/SM-S901E_XXV/SM-S901E_2_20231113223740_mryei107sb_fac.zip.enc4
[2026-09-04 03:53:07] Downloading: SM-S901E_2_20231113223740_mryei107sb_fac.zip.enc4
[2026-09-04 03:55:15] Download progress: 847.31 MB / 8472.51 MB
[2026-09-04 03:56:43] Download progress: 1694.56 MB / 8472.51 MB
[2026-09-04 03:58:40] Download progress: 2541.81 MB / 8472.51 MB
[2026-09-04 04:01:52] Download progress: 3389.06 MB / 8472.51 MB
[2026-09-04 04:04:47] Download progress: 4236.31 MB / 8472.51 MB
[2026-09-04 04:08:00] Download progress: 5083.56 MB / 8472.51 MB
[2026-09-04 04:11:31] Download progress: 5930.81 MB / 8472.51 MB
[2026-09-04 04:14:19] Command: /home/privet/UN1CA/out/tools/venv/bin/samloader -m SM-S901E -r XXV -i 350999641234561 download -v S901EXXS7CWI1/S901EOXM7CWH6/S901EXXS7CWH6/S901EXXS7CWI1 -O /home/privet/UN1CA/out/odin/SM-S901E_XXV
[2026-09-04 04:15:00] Command: /home/privet/UN1CA/out/tools/venv/bin/samloader -m SM-S901E -r XXV -i 350999641234561 download -v S901EXXS7CWI1/S901EOXM7CWH6/S901EXXS7CWH6/S901EXXS7CWI1 -O /home/privet/UN1CA/out/odin/SM-S901E_XXV
[2026-09-04 04:15:01] Device: SM-S901E
[2026-09-04 04:15:01] CSC: XXV
[2026-09-04 04:15:01] FW: S901EXXS7CWI1/S901EOXM7CWH6/S901EXXS7CWH6/S901EXXS7CWI1
[2026-09-04 04:15:01] Path: /home/privet/UN1CA/out/odin/SM-S901E_XXV/SM-S901E_2_20231113223740_mryei107sb_fac.zip.enc4
[2026-09-04 04:15:01] Downloading: SM-S901E_2_20231113223740_mryei107sb_fac.zip.enc4
[2026-09-04 04:16:24] Download progress: 847.31 MB / 8472.51 MB
[2026-09-04 04:18:20] Download progress: 1694.56 MB / 8472.51 MB
[2026-09-04 04:20:53] Download progress: 2541.81 MB / 8472.51 MB
[2026-09-04 04:22:16] Download progress: 3389.06 MB / 8472.51 MB
[2026-09-04 04:24:53] Download progress: 4236.31 MB / 8472.51 MB
[2026-09-04 04:26:59] Download progress: 5083.56 MB / 8472.51 MB
[2026-09-04 04:32:54] Command: /home/privet/UN1CA/out/tools/venv/bin/samloader -m SM-S901E -r XXV -i 350999641234561 download -v S901EXXS7CWI1/S901EOXM7CWH6/S901EXXS7CWH6/S901EXXS7CWI1 -O /home/privet/UN1CA/out/odin/SM-S901E_XXV
[2026-09-04 04:34:19] Command: /home/privet/UN1CA/out/tools/venv/bin/samloader -m SM-S901E -r XXV -i 350999641234561 download -v S901EXXS7CWI1/S901EOXM7CWH6/S901EXXS7CWH6/S901EXXS7CWI1 -O /home/privet/UN1CA/out/odin/SM-S901E_XXV
[2026-09-04 04:34:27] Device: SM-S901E
[2026-09-04 04:34:27] CSC: XXV
[2026-09-04 04:34:27] FW: S901EXXS7CWI1/S901EOXM7CWH6/S901EXXS7CWH6/S901EXXS7CWI1
[2026-09-04 04:34:27] Path: /home/privet/UN1CA/out/odin/SM-S901E_XXV/SM-S901E_2_20231113223740_mryei107sb_fac.zip.enc4
[2026-09-04 04:34:27] Downloading: SM-S901E_2_20231113223740_mryei107sb_fac.zip.enc4
[2026-09-04 05:04:25] Download progress: 847.31 MB / 8472.51 MB
[2026-09-04 05:05:42] Download progress: 1694.56 MB / 8472.51 MB
[2026-09-04 05:06:48] Download progress: 2541.81 MB / 8472.51 MB
[2026-09-04 05:07:38] Download progress: 3389.06 MB / 8472.51 MB
[2026-09-04 05:08:34] Download progress: 4236.31 MB / 8472.51 MB
[2026-09-04 05:09:27] Download progress: 5083.56 MB / 8472.51 MB
[2026-09-04 05:10:21] Download progress: 5930.81 MB / 8472.51 MB
[2026-09-04 05:11:18] Download progress: 6778.06 MB / 8472.51 MB
[2026-09-04 05:13:59] Download progress: 7625.31 MB / 8472.51 MB
[2026-09-04 05:17:08] Download progress: 8472.51 MB / 8472.51 MB
[2026-09-04 05:17:08] Download completed.
[2026-09-04 05:17:43] Decryption completed.
